// Jest Snapshot v1, https://goo.gl/fbAQLP

exports[`ModalSignin renders without crashing 1`] = `
<div>
  <button
    data-testid="button"
    disabled={false}
    onClick={[Function]}
  >
    <img
      alt="logo facebook"
      src=""
    />
    log in 
    with Facebook
  </button>
  <button
    data-testid="button"
    disabled={false}
    onClick={[Function]}
  >
    <img
      alt="logo google"
      src=""
    />
    log in 
    with Google
  </button>
  <div>
    or
  </div>
  <form
    onSubmit={[Function]}
  >
    <label
      htmlFor="userNameOrEmail"
    >
      user name or email *
    </label>
    <input
      data-testid="userNameOrEmailField"
      disabled={false}
      id="userNameOrEmail"
      name="userNameOrEmail"
      onBlur={[Function]}
      onChange={[Function]}
      type="text"
      value=""
    />
    <label
      htmlFor="password"
    >
      password *
    </label>
    <input
      data-testid="passwordField"
      disabled={false}
      id="password"
      name="password"
      onBlur={[Function]}
      onChange={[Function]}
      type="password"
      value=""
    />
    <div>
      * Required field
    </div>
    <button
      data-testid="submitButton"
      disabled={false}
      type="submit"
    >
      signin
    </button>
  </form>
</div>
`;
