// Jest Snapshot v1, https://goo.gl/fbAQLP

exports[`PopupProfile renders without crashing 1`] = `
<div
  data-testid="popupProfil"
>
  <button>
    <img
      alt="profile picture"
    />
    <p>
      userName
    </p>
    <p>
      see your profile
    </p>
  </button>
  <button>
    <img
      alt="edit your information pictogram"
    />
    <p>
      Edit your informations
    </p>
  </button>
  <button
    data-testid="buttonTicketModal"
    onClick={[Function]}
  >
    <img
      alt="send a ticket pictogram"
    />
    <p>
      Share your opinion? Find a bug?
    </p>
    <p>
      send a ticket
    </p>
  </button>
</div>
`;
