// Jest Snapshot v1, https://goo.gl/fbAQLP

exports[`Profile renders without crashing 1`] = `
<div>
  <img
    alt="current profile picture"
    data-testid="currentProfilePicture"
    src="#ressources/images/defaultProfilePicture.png"
  />
  <p
    data-testid="userNameText"
  >
    user name
  </p>
  <input
    accept="image/*"
    data-testid="inputFile"
    onChange={[Function]}
    type="file"
  />
  <button
    data-testid="addProfilePictureButton"
    onClick={[Function]}
  >
    Add a profile picture
  </button>
  <button>
    Edit your info
  </button>
</div>
`;
