// Jest Snapshot v1, https://goo.gl/fbAQLP

exports[`Header renders without crashing 1`] = `
<header
  className="sc-dmlrTW dFYIiB"
>
  <div
    className="sc-kfzAmx fRViZQ"
  >
    <img
      alt="header logo"
      className="sc-fKFyDc ZYkwf"
      src={Object {}}
    />
    <div
      className="sc-hHftDr kLgjWa"
    >
      <button
        className="sc-bdfBwQ kjBTJr"
        data-testid="openSignin"
        onClick={[Function]}
      >
        Sign in
      </button>
      <button
        className="sc-bdfBwQ ctZNxY"
        data-testid="openLogin"
        onClick={[Function]}
      >
        Log in
      </button>
    </div>
  </div>
</header>
`;
