// Jest Snapshot v1, https://goo.gl/fbAQLP

exports[`ModalLogin renders without crashing 1`] = `
<div
  data-testid="modalForgotPassword"
>
  <p>
    Enter your email to reset your password
  </p>
  <form
    onSubmit={[Function]}
  >
    <label
      htmlFor="email"
    >
      email
    </label>
    <input
      data-testid="emailField"
      disabled={false}
      id="email"
      name="email"
      onBlur={[Function]}
      onChange={[Function]}
      type="text"
      value=""
    />
    <button
      data-testid="submitButton"
      disabled={false}
      type="submit"
    >
      reset
    </button>
  </form>
  <button
    data-testid="cancelButton"
    onClick={[Function]}
  >
    cancel
  </button>
</div>
`;
