// Jest Snapshot v1, https://goo.gl/fbAQLP

exports[`PopupSignin renders without crashing 1`] = `
<form
  onSubmit={[Function]}
>
  <label
    htmlFor="userNameOrEmail"
  >
    user name or email
  </label>
  <input
    data-testid="userNameOrEmailField"
    disabled={false}
    id="userNameOrEmail"
    name="userNameOrEmail"
    onBlur={[Function]}
    onChange={[Function]}
    type="text"
    value=""
  />
  <label
    htmlFor="password"
  >
    password
  </label>
  <input
    data-testid="passwordField"
    disabled={false}
    id="password"
    name="password"
    onBlur={[Function]}
    onChange={[Function]}
    type="password"
    value=""
  />
  <button
    data-testid="submitButton"
    disabled={false}
    type="submit"
  >
    signin
  </button>
</form>
`;
