// Jest Snapshot v1, https://goo.gl/fbAQLP

exports[`Modal renders without crashing 1`] = `
<div
  className="sc-dlfnbm cdFFkg"
>
  <div
    className="sc-gsTCUz pAiUv modal"
    data-testid="modal"
  >
    <div />
  </div>
  <div
    className="sc-bdfBwQ hsaqVV background-modal"
    data-testid="modalBackground"
    onClick={[Function]}
  />
</div>
`;
