// Jest Snapshot v1, https://goo.gl/fbAQLP

exports[`DeleteAccount renders without crashing 1`] = `
<div>
  <p>
    delete your account
  </p>
  <p>
    Once you delete your account, there is no going back. Please be certain.
  </p>
  <button
    data-testid="buttonDeleteModal"
    onClick={[Function]}
  />
</div>
`;
