// Jest Snapshot v1, https://goo.gl/fbAQLP

exports[`ModalLogin renders without crashing 1`] = `
<div
  className="sc-jSgupP dUUXuc"
  data-testid="modalForgotPassword"
>
  <div
    className="sc-gKsewC YbtFW"
  >
    <h3
      className="sc-iBPRYJ cuQqXR"
    >
      Enter your email to reset your password
    </h3>
    <form
      onSubmit={[Function]}
    >
      <div
        className="sc-bdfBwQ jVgFdX"
      >
        <label
          className="sc-hKgILt fWofNq"
          htmlFor="email"
        >
          <p>
            email
          </p>
        </label>
        <input
          className="sc-dlfnbm jEuCWi"
          data-testid="emailField"
          disabled={false}
          id="email"
          name="email"
          onBlur={[Function]}
          onChange={[Function]}
          type="text"
          value=""
        />
      </div>
      <button
        className="sc-fubCfw bOjZyX"
        data-testid="submitButton"
        disabled={false}
        type="submit"
      >
        Reset
      </button>
    </form>
    <div
      className="sc-pFZIQ isKpBa"
    >
      <button
        className="sc-jrAGrp gZzais"
        data-testid="cancelButton"
        onClick={[Function]}
      >
        Cancel
      </button>
    </div>
  </div>
  <div
    className="sc-eCssSg ksXhAV"
  />
</div>
`;
