// Jest Snapshot v1, https://goo.gl/fbAQLP

exports[`Header renders without crashing 1`] = `
<header
  className="sc-cOajty dJwOpu"
>
  <div
    className="sc-khAkjo fmwWGD"
  >
    <div
      className="sc-AzgDb kpRfcw"
    >
      <img
        alt="header logo"
        className="sc-hTZhsR kyweWU"
        src={Object {}}
      />
      <div
        className="sc-jNMdTA bueqA-D"
        onClick={[Function]}
      >
        <img
          alt="search pictogram"
          className="sc-bBrOnJ dPLKca"
          src={Object {}}
        />
        <input
          className="sc-dOSReg ievEAf"
          onBlur={[Function]}
          onFocus={[Function]}
          placeholder="search on Galeries"
        />
      </div>
    </div>
    <div
      className="sc-AzgDb kpRfcw"
    >
      <div
        className="sc-bqyKva bOOLZl"
        onMouseEnter={[Function]}
        onMouseLeave={[Function]}
      >
        <div
          onClick={[Function]}
        >
          <div
            className="sc-hBEYos ggqouw"
          >
            <svg
              className="sc-jrAGrp xQKQQ"
              viewBox="0 0 784.16 904.91"
              xmlns="http://www.w3.org/2000/svg"
            >
              <g
                data-name="Layer 2"
              >
                <path
                  d="M784.16 904.91H450.91V665.59H332.57v239.32H0V336.39L392.08 0l392.08 336.39zm-258.25-75h183.25v-459l-317.08-272L75 370.86v459.05h182.57V590.59h268.34z"
                  data-name="Layer 1"
                />
              </g>
            </svg>
          </div>
        </div>
      </div>
      <div
        className="sc-bqyKva bOOLZl"
        onMouseEnter={[Function]}
        onMouseLeave={[Function]}
      >
        <div
          onClick={[Function]}
        >
          <div
            className="sc-hBEYos ggqouw"
          >
            <svg
              className="sc-iBPRYJ iBHXVy"
              viewBox="0 0 893 893"
              xmlns="http://www.w3.org/2000/svg"
            >
              <g
                data-name="Layer 2"
                id="createGalerie_svg__Layer_2"
              >
                <g
                  data-name="Layer 1"
                  id="createGalerie_svg__Layer_1-2"
                >
                  <path
                    className="createGalerie_svg__cls-1"
                    d="M711.5 0h-530C81.42 0 0 81.42 0 181.5v530C0 811.58 81.42 893 181.5 893h530C811.58 893 893 811.58 893 711.5v-530C893 81.42 811.58 0 711.5 0zM818 711.5A106.63 106.63 0 01711.5 818h-530A106.63 106.63 0 0175 711.5v-530A106.63 106.63 0 01181.5 75h530A106.63 106.63 0 01818 181.5z"
                  />
                  <path
                    className="createGalerie_svg__cls-1"
                    d="M484 222.94h-75V409H222.94v75H409v186.06h75V484h186.06v-75H484V222.94z"
                  />
                </g>
              </g>
            </svg>
          </div>
        </div>
      </div>
      <div
        className="sc-bqyKva LLOXI"
        onMouseEnter={[Function]}
        onMouseLeave={[Function]}
      >
        <div
          onClick={[Function]}
        >
          <div
            className="sc-hBEYos ggqouw"
          >
            <svg
              className="sc-iqHYGH gpBMoq"
              viewBox="0 0 998.13 907.88"
              xmlns="http://www.w3.org/2000/svg"
            >
              <g
                data-name="Layer 2"
              >
                <path
                  d="M498.35 907.88L91.66 501.19l1.42-1.42-8.85-8.85A287.57 287.57 0 11490.92 84.23l8.85 8.85 7.44-7.44a287.59 287.59 0 01406.69 0 287.58 287.58 0 010 406.7zM197.73 501.19l300.63 300.63 362.51-362.51c82.88-82.89 82.88-217.75 0-300.63s-217.75-82.89-300.63 0l-60.47 60.47-61.88-61.89c-82.88-82.88-217.75-82.88-300.63 0a212.58 212.58 0 000 300.63l61.89 61.88z"
                  data-name="Layer 1"
                />
              </g>
            </svg>
          </div>
        </div>
      </div>
      <div
        className="sc-eggNIi fCWDMX"
      >
        <button
          className="sc-iBaPrD izHVKr"
          onClick={[Function]}
        >
          <div
            className="sc-cTkwdZ jHPlsD"
          >
            <div
              className="sc-fodVxV bpNrRt"
            />
          </div>
          user name
        </button>
      </div>
      <button
        className="sc-eCssSg goafQX"
        onClick={[Function]}
      >
        logout
      </button>
    </div>
  </div>
</header>
`;
